[TWIN] configured from historian: {"completion": {"pump_depth_m": 1050.0, "rod_diam_in": 0.875, "plunger_in": 1.5, "unit": "C-228D-213-86"}, "fluid": {"api": 18.0, "visc_cP_50C": 12041.9, "asphaltene_wt_pct": 9.0, "andrade_mu_cold_Pa_s": 13.13, "andrade_mu_hot_Pa_s": 0.35}, "reservoir_pressure_psi": 1355.0, "recent_well_tests_oil_bpd": 17.3, "failure_history": {"rod_failures_per_well_year": 2.0, "by_mode": {"fatigue part": {"count": 2, "avg_wellhead_T_C": 100.1, "avg_spm_before": 8.0}, "rod part / buckling (compressive, floating)": {"count": 4, "avg_wellhead_T_C": 92.2, "avg_spm_before": 8.0}}, "pump_unsettings": 0}}
Requested session timeout to be 3600000ms, got 600000ms instead
[TWIN] connected to opc.tcp://127.0.0.1:4840/baghewala/scada/ (namespace 2); 22 tags bound
  [SCADA fine-tune] it     0 | loss 4.208e+00 | load 9.98e-01 | wave-PDE 3.21e+00 | 0s
  [SCADA fine-tune] it   400 | loss 1.681e-02 | load 1.17e-02 | wave-PDE 5.11e-03 | 13s
[TWIN] {"t_sim_day": 0.117, "card_id": 3, "diag_s": 14.01, "warm": false, "fillage": 0.985, "margin": 0.65, "quality": "OK", "fluid_load_ratio": 0.894, "friction_mult": 1.24, "model_spm": 3.8, "mu_tubing_est": 0.793, "wc_est": 0.07, "action": "PREDICTIVE: move toward model optimum 3.80 SPM", "spm_cur": 8.0, "spm_req": 6.5, "rf_req": 0.3, "write": true, "alarm": "", "total_s": 14.01}
  [SCADA fine-tune] it     0 | loss 2.649e-01 | load 2.65e-02 | wave-PDE 2.38e-01 | 0s
  [SCADA fine-tune] it   120 | loss 1.541e-02 | load 1.29e-02 | wave-PDE 2.47e-03 | 4s
[TWIN] {"t_sim_day": 0.71, "card_id": 16, "diag_s": 3.81, "warm": true, "fillage": 0.987, "margin": 0.715, "quality": "OK", "fluid_load_ratio": 1.001, "friction_mult": 1.14, "model_spm": 4.4, "mu_tubing_est": 0.803, "wc_est": 0.07, "action": "PREDICTIVE: move toward model optimum 4.40 SPM", "spm_cur": 6.5, "spm_req": 5.0, "rf_req": 0.3, "write": true, "alarm": "", "total_s": 3.82}
  [SCADA fine-tune] it     0 | loss 1.853e-01 | load 1.90e-02 | wave-PDE 1.66e-01 | 0s
  [SCADA fine-tune] it   120 | loss 8.405e-03 | load 6.67e-03 | wave-PDE 1.74e-03 | 4s
[TWIN] {"t_sim_day": 0.885, "card_id": 20, "diag_s": 3.96, "warm": true, "fillage": 0.988, "margin": 0.791, "quality": "OK", "fluid_load_ratio": 1.014, "friction_mult": 1.12, "model_spm": 4.4, "mu_tubing_est": 0.806, "wc_est": 0.07, "action": "PREDICTIVE: move toward model optimum 4.40 SPM", "spm_cur": 5.0, "spm_req": 4.4, "rf_req": 0.3, "write": true, "alarm": "", "total_s": 3.96}
  [SCADA fine-tune] it     0 | loss 3.592e-02 | load 3.13e-02 | wave-PDE 4.60e-03 | 0s
  [SCADA fine-tune] it   120 | loss 1.504e-02 | load 1.34e-02 | wave-PDE 1.61e-03 | 4s
[TWIN] {"t_sim_day": 1.064, "card_id": 24, "diag_s": 4.12, "warm": true, "fillage": 0.982, "margin": 0.826, "quality": "OK", "fluid_load_ratio": 0.753, "friction_mult": 1.0, "model_spm": 3.9, "mu_tubing_est": 0.89, "wc_est": 0.06, "action": "PREDICTIVE: move toward model optimum 3.90 SPM", "spm_cur": 5.0, "spm_req": 3.9, "rf_req": 0.35, "write": true, "alarm": "", "total_s": 4.12}
  [SCADA fine-tune] it     0 | loss 4.295e-02 | load 1.22e-02 | wave-PDE 3.08e-02 | 0s
  [SCADA fine-tune] it   120 | loss 1.122e-02 | load 9.68e-03 | wave-PDE 1.54e-03 | 4s
[TWIN] {"t_sim_day": 1.247, "card_id": 28, "diag_s": 4.36, "warm": true, "fillage": 0.984, "margin": 0.841, "quality": "OK", "fluid_load_ratio": 0.778, "friction_mult": 1.0, "model_spm": 3.9, "mu_tubing_est": 0.893, "wc_est": 0.06, "action": "PREDICTIVE: move toward model optimum 3.90 SPM", "spm_cur": 4.4, "spm_req": 3.9, "rf_req": 0.35, "write": true, "alarm": "", "total_s": 4.36}
  [SCADA fine-tune] it     0 | loss 3.763e-02 | load 1.04e-02 | wave-PDE 2.72e-02 | 0s
  [SCADA fine-tune] it   120 | loss 1.173e-02 | load 1.05e-02 | wave-PDE 1.27e-03 | 5s
[TWIN] {"t_sim_day": 1.443, "card_id": 33, "diag_s": 4.85, "warm": true, "fillage": 0.987, "margin": 0.858, "quality": "OK", "fluid_load_ratio": 0.806, "friction_mult": 1.0, "model_spm": 3.9, "mu_tubing_est": 0.897, "wc_est": 0.06, "action": "RAISE run time: pump full (possible under-pumping)", "spm_cur": 3.9, "spm_req": 3.9, "rf_req": 0.38, "write": true, "alarm": "", "total_s": 4.85}
  [SCADA fine-tune] it     0 | loss 1.247e-02 | load 1.02e-02 | wave-PDE 2.31e-03 | 0s
  [SCADA fine-tune] it   120 | loss 1.028e-02 | load 8.89e-03 | wave-PDE 1.39e-03 | 4s
[TWIN] {"t_sim_day": 1.656, "card_id": 38, "diag_s": 4.18, "warm": true, "fillage": 0.986, "margin": 0.859, "quality": "OK", "fluid_load_ratio": 0.803, "friction_mult": 1.0, "model_spm": 3.9, "mu_tubing_est": 0.9, "wc_est": 0.06, "action": "RAISE run time: pump full (possible under-pumping)", "spm_cur": 3.9, "spm_req": 3.9, "rf_req": 0.41, "write": true, "alarm": "", "total_s": 4.18}
  [SCADA fine-tune] it     0 | loss 1.284e-02 | load 1.10e-02 | wave-PDE 1.88e-03 | 0s
  [SCADA fine-tune] it   120 | loss 1.148e-02 | load 1.01e-02 | wave-PDE 1.37e-03 | 4s
[TWIN] {"t_sim_day": 1.835, "card_id": 43, "diag_s": 4.27, "warm": true, "fillage": 0.987, "margin": 0.856, "quality": "OK", "fluid_load_ratio": 0.807, "friction_mult": 1.0, "model_spm": 3.9, "mu_tubing_est": 0.903, "wc_est": 0.06, "action": "RAISE run time: pump full (possible under-pumping)", "spm_cur": 3.9, "spm_req": 3.9, "rf_req": 0.44, "write": true, "alarm": "", "total_s": 4.27}
  [SCADA fine-tune] it     0 | loss 7.074e-01 | load 7.93e-03 | wave-PDE 6.99e-01 | 0s
  [SCADA fine-tune] it   120 | loss 9.651e-03 | load 8.74e-03 | wave-PDE 9.07e-04 | 4s
[TWIN] {"t_sim_day": 2.033, "card_id": 47, "diag_s": 4.41, "warm": true, "fillage": 0.986, "margin": 0.859, "quality": "OK", "fluid_load_ratio": 0.896, "friction_mult": 1.0, "model_spm": 3.6, "mu_tubing_est": 0.727, "wc_est": 0.08, "action": "PREDICTIVE: move toward model optimum 3.60 SPM", "spm_cur": 3.9, "spm_req": 3.6, "rf_req": 0.25, "write": true, "alarm": "", "total_s": 4.42}
  [SCADA fine-tune] it     0 | loss 5.394e-01 | load 2.83e-02 | wave-PDE 5.11e-01 | 0s
  [SCADA fine-tune] it   120 | loss 5.316e-03 | load 3.96e-03 | wave-PDE 1.36e-03 | 5s
[TWIN] {"t_sim_day": 2.233, "card_id": 52, "diag_s": 4.7, "warm": true, "fillage": 0.991, "margin": 0.823, "quality": "OK", "fluid_load_ratio": 1.129, "friction_mult": 1.19, "model_spm": 3.6, "mu_tubing_est": 0.731, "wc_est": 0.08, "action": "PREDICTIVE: move toward model optimum 3.60 SPM", "spm_cur": 3.9, "spm_req": 3.6, "rf_req": 0.25, "write": true, "alarm": "", "total_s": 4.71}
  [SCADA fine-tune] it     0 | loss 8.061e+00 | load 3.88e-02 | wave-PDE 8.02e+00 | 0s
  [SCADA fine-tune] it   120 | loss 9.289e-03 | load 4.18e-03 | wave-PDE 5.11e-03 | 4s
[TWIN] {"t_sim_day": 2.444, "card_id": 57, "diag_s": 4.38, "warm": true, "fillage": 0.996, "margin": 0.795, "quality": "OK", "fluid_load_ratio": 1.229, "friction_mult": 1.95, "model_spm": 3.6, "mu_tubing_est": 0.735, "wc_est": 0.08, "action": "RAISE run time: pump full (possible under-pumping)", "spm_cur": 3.6, "spm_req": 3.6, "rf_req": 0.27, "write": true, "alarm": "", "total_s": 4.38}
  [SCADA fine-tune] it     0 | loss 1.779e+01 | load 5.66e-02 | wave-PDE 1.77e+01 | 0s
  [SCADA fine-tune] it   120 | loss 3.110e-02 | load 7.17e-03 | wave-PDE 2.39e-02 | 5s
[TWIN] {"t_sim_day": 2.647, "card_id": 62, "diag_s": 4.62, "warm": true, "fillage": 0.997, "margin": 0.7, "quality": "OK", "fluid_load_ratio": 1.318, "friction_mult": 3.03, "model_spm": 3.6, "mu_tubing_est": 0.739, "wc_est": 0.08, "action": "RAISE run time: pump full (possible under-pumping)", "spm_cur": 3.6, "spm_req": 3.6, "rf_req": 0.29, "write": true, "alarm": "FRICTION x3.0 vs model: possible asphaltene/wax deposition or colder tubing -- check wellhead T, schedule hot-oil treatment", "total_s": 4.62}
  [SCADA fine-tune] it     0 | loss 3.076e+01 | load 9.68e-02 | wave-PDE 3.07e+01 | 0s
  [SCADA fine-tune] it   120 | loss 8.690e-02 | load 1.17e-02 | wave-PDE 7.52e-02 | 5s
[TWIN] {"t_sim_day": 2.858, "card_id": 67, "diag_s": 4.72, "warm": true, "fillage": 0.997, "margin": 0.575, "quality": "SUSPECT", "fluid_load_ratio": 1.426, "friction_mult": 4.43, "model_spm": 3.6, "mu_tubing_est": 0.743, "wc_est": 0.08, "action": "HOLD + RECALIBRATE: downhole load too high for configuration -> load cell reads high, pump depth / rod length set too short, or fluid heavier than configured", "spm_cur": 3.6, "spm_req": 3.6, "rf_req": 0.29, "write": false, "alarm": "FRICTION x4.4 vs model: possible asphaltene/wax deposition or colder tubing -- check wellhead T, schedule hot-oil treatment", "total_s": 4.72}
  [SCADA fine-tune] it     0 | loss 3.625e+01 | load 1.02e-01 | wave-PDE 3.61e+01 | 0s
  [SCADA fine-tune] it   120 | loss 1.934e-01 | load 1.90e-02 | wave-PDE 1.74e-01 | 4s
[TWIN] {"t_sim_day": 3.069, "card_id": 72, "diag_s": 4.5, "warm": true, "fillage": 0.995, "margin": 0.453, "quality": "SUSPECT", "fluid_load_ratio": 1.491, "friction_mult": 7.28, "model_spm": 3.2, "mu_tubing_est": 0.609, "wc_est": 0.1, "action": "PREDICTIVE: move toward model optimum 3.20 SPM (conservative, model flagged uncertain)", "spm_cur": 3.6, "spm_req": 3.2, "rf_req": 0.29, "write": true, "alarm": "FRICTION x7.3 vs model: possible asphaltene/wax deposition or colder tubing -- check wellhead T, schedule hot-oil treatment", "total_s": 4.5}
  [SCADA fine-tune] it     0 | loss 1.051e+01 | load 2.13e-02 | wave-PDE 1.05e+01 | 0s
  [SCADA fine-tune] it   120 | loss 2.509e-01 | load 2.25e-02 | wave-PDE 2.28e-01 | 4s
[TWIN] {"t_sim_day": 3.275, "card_id": 77, "diag_s": 4.32, "warm": true, "fillage": 0.993, "margin": 0.449, "quality": "OK", "fluid_load_ratio": 1.318, "friction_mult": 8.23, "model_spm": 3.2, "mu_tubing_est": 0.613, "wc_est": 0.1, "action": "PREDICTIVE: move toward model optimum 3.20 SPM", "spm_cur": 3.6, "spm_req": 3.2, "rf_req": 0.25, "write": true, "alarm": "FRICTION x8.2 vs model: possible asphaltene/wax deposition or colder tubing -- check wellhead T, schedule hot-oil treatment", "total_s": 4.32}
  [SCADA fine-tune] it     0 | loss 1.427e+00 | load 2.35e-02 | wave-PDE 1.40e+00 | 0s
  [SCADA fine-tune] it   120 | loss 2.515e-01 | load 2.63e-02 | wave-PDE 2.25e-01 | 4s
[TWIN] {"t_sim_day": 3.46, "card_id": 82, "diag_s": 4.36, "warm": true, "fillage": 0.993, "margin": 0.499, "quality": "OK", "fluid_load_ratio": 1.229, "friction_mult": 8.73, "model_spm": 3.2, "mu_tubing_est": 0.617, "wc_est": 0.1, "action": "RAISE run time: pump full (possible under-pumping)", "spm_cur": 3.2, "spm_req": 3.2, "rf_req": 0.27, "write": true, "alarm": "FRICTION x8.7 vs model: possible asphaltene/wax deposition or colder tubing -- check wellhead T, schedule hot-oil treatment", "total_s": 4.36}
  [SCADA fine-tune] it     0 | loss 2.514e+02 | load 5.34e+00 | wave-PDE 2.46e+02 | 0s
  [SCADA fine-tune] it   120 | loss 2.869e-01 | load 1.10e-01 | wave-PDE 1.77e-01 | 5s
[TWIN] {"t_sim_day": 3.663, "card_id": 86, "diag_s": 4.8, "warm": true, "fillage": 0.262, "margin": 0.501, "quality": "SUSPECT", "fluid_load_ratio": 0.36, "friction_mult": 4.34, "model_spm": 2.7, "mu_tubing_est": 0.621, "wc_est": 0.1, "action": "HOLD + SENSOR ALERT: energy balance violated -> load/position out of sync or sensor fault; downhole load too low -> fluid level above pump, leaking valves, gas interference or load cell reads low", "spm_cur": 3.2, "spm_req": 3.2, "rf_req": 0.27, "write": false, "alarm": "SENSOR ALERT: energy balance violated -> load/position out of sync or sensor fault; downhole load too low -> fluid level above pump, leaking valves, gas interference or load cell reads low | FRICTION x4.3 vs model: possible asphaltene/wax deposition or colder tubing -- check wellhead T, schedule hot-oil treatment", "total_s": 4.8}
  [SCADA fine-tune] it     0 | loss 7.532e+01 | load 4.97e+00 | wave-PDE 7.04e+01 | 0s
  [SCADA fine-tune] it   120 | loss 2.454e-01 | load 1.06e-01 | wave-PDE 1.40e-01 | 5s
[TWIN] {"t_sim_day": 3.874, "card_id": 91, "diag_s": 4.8, "warm": true, "fillage": 0.982, "margin": 0.495, "quality": "OK", "fluid_load_ratio": 1.321, "friction_mult": 6.8, "model_spm": 2.7, "mu_tubing_est": 0.625, "wc_est": 0.1, "action": "PREDICTIVE: move toward model optimum 2.70 SPM", "spm_cur": 3.2, "spm_req": 2.7, "rf_req": 0.25, "write": true, "alarm": "FRICTION x6.8 vs model: possible asphaltene/wax deposition or colder tubing -- check wellhead T, schedule hot-oil treatment", "total_s": 4.8}
  [SCADA fine-tune] it     0 | loss 1.679e+01 | load 8.33e-02 | wave-PDE 1.67e+01 | 0s
  [SCADA fine-tune] it   120 | loss 2.512e-01 | load 5.47e-02 | wave-PDE 1.97e-01 | 5s
[TWIN] {"t_sim_day": 4.252, "card_id": 101, "diag_s": 4.52, "warm": true, "fillage": 0.983, "margin": 0.564, "quality": "OK", "fluid_load_ratio": 1.234, "friction_mult": 9.64, "model_spm": 2.2, "mu_tubing_est": 0.528, "wc_est": 0.12, "action": "PREDICTIVE: move toward model optimum 2.20 SPM", "spm_cur": 2.7, "spm_req": 2.2, "rf_req": 0.25, "write": true, "alarm": "FRICTION x9.6 vs model: possible asphaltene/wax deposition or colder tubing -- check wellhead T, schedule hot-oil treatment", "total_s": 4.52}
  [SCADA fine-tune] it     0 | loss 4.450e+00 | load 4.92e-02 | wave-PDE 4.40e+00 | 0s
  [SCADA fine-tune] it   120 | loss 2.576e-01 | load 5.32e-02 | wave-PDE 2.04e-01 | 5s
[TWIN] {"t_sim_day": 4.46, "card_id": 106, "diag_s": 5.2, "warm": true, "fillage": 0.977, "margin": 0.64, "quality": "OK", "fluid_load_ratio": 1.187, "friction_mult": 10.42, "model_spm": 2.2, "mu_tubing_est": 0.532, "wc_est": 0.12, "action": "RAISE run time: pump full (possible under-pumping)", "spm_cur": 2.2, "spm_req": 2.2, "rf_req": 0.27, "write": true, "alarm": "FRICTION x10.4 vs model: possible asphaltene/wax deposition or colder tubing -- check wellhead T, schedule hot-oil treatment", "total_s": 5.2}
  [SCADA fine-tune] it     0 | loss 5.138e+00 | load 5.32e-02 | wave-PDE 5.08e+00 | 0s
  [SCADA fine-tune] it   120 | loss 3.232e-01 | load 6.07e-02 | wave-PDE 2.63e-01 | 5s
[TWIN] {"t_sim_day": 4.706, "card_id": 111, "diag_s": 5.34, "warm": true, "fillage": 0.972, "margin": 0.638, "quality": "OK", "fluid_load_ratio": 1.186, "friction_mult": 10.82, "model_spm": 2.2, "mu_tubing_est": 0.537, "wc_est": 0.12, "action": "RAISE run time: pump full (possible under-pumping)", "spm_cur": 2.2, "spm_req": 2.2, "rf_req": 0.29, "write": true, "alarm": "FRICTION x10.8 vs model: possible asphaltene/wax deposition or colder tubing -- check wellhead T, schedule hot-oil treatment", "total_s": 5.34}
  [SCADA fine-tune] it     0 | loss 2.173e+00 | load 6.07e-02 | wave-PDE 2.11e+00 | 0s
  [SCADA fine-tune] it   120 | loss 3.154e-01 | load 4.47e-02 | wave-PDE 2.71e-01 | 4s
[TWIN] {"t_sim_day": 4.95, "card_id": 117, "diag_s": 4.39, "warm": true, "fillage": 0.977, "margin": 0.633, "quality": "OK", "fluid_load_ratio": 1.156, "friction_mult": 11.02, "model_spm": 2.2, "mu_tubing_est": 0.541, "wc_est": 0.12, "action": "RAISE run time: pump full (possible under-pumping)", "spm_cur": 2.2, "spm_req": 2.2, "rf_req": 0.31, "write": true, "alarm": "FRICTION x11.0 vs model: possible asphaltene/wax deposition or colder tubing -- check wellhead T, schedule hot-oil treatment", "total_s": 4.39}
close_session was called but connection is closed
close_secure_channel was called but connection is closed
[TWIN] SCADA session ended (ConnectionError); shutting down
